// Vitest Snapshot v1, https://vitest.dev/guide/snapshot.html

exports[`renders correctly 1`] = `
<div>
  <h1>
    Not Found :(
  </h1>
</div>
`;
